// Jest Snapshot v1, https://goo.gl/fbAQLP

exports[`Test MonitorStack Monitor stack snapshot 1`] = `
{
  "Outputs": {
    "ExportsOutputRefmonitorslacktopic40CF14C73449DC5B": {
      "Export": {
        "Name": "MonitorStack:ExportsOutputRefmonitorslacktopic40CF14C73449DC5B",
      },
      "Value": {
        "Ref": "monitorslacktopic40CF14C7",
      },
    },
  },
  "Parameters": {
    "BootstrapVersion": {
      "Default": "/cdk-bootstrap/hnb659fds/version",
      "Description": "Version of the CDK Bootstrap resources in this environment, automatically retrieved from SSM Parameter Store. [cdk:skip]",
      "Type": "AWS::SSM::Parameter::Value<String>",
    },
  },
  "Resources": {
    "monitorslackcloudwatch03AF8A48": {
      "Properties": {
        "AlarmActions": [
          {
            "Ref": "monitorslacktopic40CF14C7",
          },
        ],
        "AlarmName": "monitor-slack-cloudwatch",
        "ComparisonOperator": "GreaterThanOrEqualToThreshold",
        "Dimensions": [
          {
            "Name": "ApiName",
            "Value": "SpaceFinderApi",
          },
        ],
        "EvaluationPeriods": 1,
        "MetricName": "Invocations",
        "Namespace": "AWS/Lambda",
        "OKActions": [
          {
            "Ref": "monitorslacktopic40CF14C7",
          },
        ],
        "Period": 3600,
        "Statistic": "Sum",
        "Threshold": 1,
        "Unit": "Count",
      },
      "Type": "AWS::CloudWatch::Alarm",
    },
    "monitorslacktopic40CF14C7": {
      "Properties": {
        "DisplayName": "monitor-slack-topic",
        "TopicName": "monitor-slack-topic",
      },
      "Type": "AWS::SNS::Topic",
    },
  },
  "Rules": {
    "CheckBootstrapVersion": {
      "Assertions": [
        {
          "Assert": {
            "Fn::Not": [
              {
                "Fn::Contains": [
                  [
                    "1",
                    "2",
                    "3",
                    "4",
                    "5",
                  ],
                  {
                    "Ref": "BootstrapVersion",
                  },
                ],
              },
            ],
          },
          "AssertDescription": "CDK bootstrap stack version 6 required. Please run 'cdk bootstrap' with a recent version of the CDK CLI.",
        },
      ],
    },
  },
}
`;
